Archive member included to satisfy reference by file (symbol)

c:/st/stm32cubeide_1.6.0/stm32cubeide/plugins/com.st.stm32cube.ide.mcu.externaltools.gnu-tools-for-stm32.9-2020-q2-update.win32_1.5.0.202011040924/tools/bin/../lib/gcc/arm-none-eabi/9.3.1/../../../../arm-none-eabi/lib/thumb/v7e-m+fp/hard\libc_nano.a(lib_a-errno.o)
                              Core/Src/syscalls.o (__errno)
c:/st/stm32cubeide_1.6.0/stm32cubeide/plugins/com.st.stm32cube.ide.mcu.externaltools.gnu-tools-for-stm32.9-2020-q2-update.win32_1.5.0.202011040924/tools/bin/../lib/gcc/arm-none-eabi/9.3.1/../../../../arm-none-eabi/lib/thumb/v7e-m+fp/hard\libc_nano.a(lib_a-exit.o)
                              c:/st/stm32cubeide_1.6.0/stm32cubeide/plugins/com.st.stm32cube.ide.mcu.externaltools.gnu-tools-for-stm32.9-2020-q2-update.win32_1.5.0.202011040924/tools/bin/../lib/gcc/arm-none-eabi/9.3.1/../../../../arm-none-eabi/lib/thumb/v7e-m+fp/hard/crt0.o (exit)
c:/st/stm32cubeide_1.6.0/stm32cubeide/plugins/com.st.stm32cube.ide.mcu.externaltools.gnu-tools-for-stm32.9-2020-q2-update.win32_1.5.0.202011040924/tools/bin/../lib/gcc/arm-none-eabi/9.3.1/../../../../arm-none-eabi/lib/thumb/v7e-m+fp/hard\libc_nano.a(lib_a-impure.o)
                              c:/st/stm32cubeide_1.6.0/stm32cubeide/plugins/com.st.stm32cube.ide.mcu.externaltools.gnu-tools-for-stm32.9-2020-q2-update.win32_1.5.0.202011040924/tools/bin/../lib/gcc/arm-none-eabi/9.3.1/../../../../arm-none-eabi/lib/thumb/v7e-m+fp/hard\libc_nano.a(lib_a-exit.o) (_global_impure_ptr)
c:/st/stm32cubeide_1.6.0/stm32cubeide/plugins/com.st.stm32cube.ide.mcu.externaltools.gnu-tools-for-stm32.9-2020-q2-update.win32_1.5.0.202011040924/tools/bin/../lib/gcc/arm-none-eabi/9.3.1/../../../../arm-none-eabi/lib/thumb/v7e-m+fp/hard\libc_nano.a(lib_a-init.o)
                              c:/st/stm32cubeide_1.6.0/stm32cubeide/plugins/com.st.stm32cube.ide.mcu.externaltools.gnu-tools-for-stm32.9-2020-q2-update.win32_1.5.0.202011040924/tools/bin/../lib/gcc/arm-none-eabi/9.3.1/../../../../arm-none-eabi/lib/thumb/v7e-m+fp/hard/crt0.o (__libc_init_array)
c:/st/stm32cubeide_1.6.0/stm32cubeide/plugins/com.st.stm32cube.ide.mcu.externaltools.gnu-tools-for-stm32.9-2020-q2-update.win32_1.5.0.202011040924/tools/bin/../lib/gcc/arm-none-eabi/9.3.1/../../../../arm-none-eabi/lib/thumb/v7e-m+fp/hard\libc_nano.a(lib_a-memset.o)
                              c:/st/stm32cubeide_1.6.0/stm32cubeide/plugins/com.st.stm32cube.ide.mcu.externaltools.gnu-tools-for-stm32.9-2020-q2-update.win32_1.5.0.202011040924/tools/bin/../lib/gcc/arm-none-eabi/9.3.1/../../../../arm-none-eabi/lib/thumb/v7e-m+fp/hard/crt0.o (memset)
c:/st/stm32cubeide_1.6.0/stm32cubeide/plugins/com.st.stm32cube.ide.mcu.externaltools.gnu-tools-for-stm32.9-2020-q2-update.win32_1.5.0.202011040924/tools/bin/../lib/gcc/arm-none-eabi/9.3.1/thumb/v7e-m+fp/hard\libgcc.a(_aeabi_uldivmod.o)
                              Drivers/STM32L4xx_HAL_Driver/Src/stm32l4xx_hal_uart.o (__aeabi_uldivmod)
c:/st/stm32cubeide_1.6.0/stm32cubeide/plugins/com.st.stm32cube.ide.mcu.externaltools.gnu-tools-for-stm32.9-2020-q2-update.win32_1.5.0.202011040924/tools/bin/../lib/gcc/arm-none-eabi/9.3.1/thumb/v7e-m+fp/hard\libgcc.a(_udivmoddi4.o)
                              c:/st/stm32cubeide_1.6.0/stm32cubeide/plugins/com.st.stm32cube.ide.mcu.externaltools.gnu-tools-for-stm32.9-2020-q2-update.win32_1.5.0.202011040924/tools/bin/../lib/gcc/arm-none-eabi/9.3.1/thumb/v7e-m+fp/hard\libgcc.a(_aeabi_uldivmod.o) (__udivmoddi4)
c:/st/stm32cubeide_1.6.0/stm32cubeide/plugins/com.st.stm32cube.ide.mcu.externaltools.gnu-tools-for-stm32.9-2020-q2-update.win32_1.5.0.202011040924/tools/bin/../lib/gcc/arm-none-eabi/9.3.1/thumb/v7e-m+fp/hard\libgcc.a(_dvmd_tls.o)
                              c:/st/stm32cubeide_1.6.0/stm32cubeide/plugins/com.st.stm32cube.ide.mcu.externaltools.gnu-tools-for-stm32.9-2020-q2-update.win32_1.5.0.202011040924/tools/bin/../lib/gcc/arm-none-eabi/9.3.1/thumb/v7e-m+fp/hard\libgcc.a(_aeabi_uldivmod.o) (__aeabi_ldiv0)

Allocating common symbols
Common symbol       size              file

uwTick              0x4               Drivers/STM32L4xx_HAL_Driver/Src/stm32l4xx_hal.o
huart1              0x84              Core/Src/main.o
huart4              0x84              Core/Src/main.o

Discarded input sections

 .text          0x0000000000000000        0x0 c:/st/stm32cubeide_1.6.0/stm32cubeide/plugins/com.st.stm32cube.ide.mcu.externaltools.gnu-tools-for-stm32.9-2020-q2-update.win32_1.5.0.202011040924/tools/bin/../lib/gcc/arm-none-eabi/9.3.1/thumb/v7e-m+fp/hard/crti.o
 .data          0x0000000000000000        0x0 c:/st/stm32cubeide_1.6.0/stm32cubeide/plugins/com.st.stm32cube.ide.mcu.externaltools.gnu-tools-for-stm32.9-2020-q2-update.win32_1.5.0.202011040924/tools/bin/../lib/gcc/arm-none-eabi/9.3.1/thumb/v7e-m+fp/hard/crti.o
[...]
Memory Configuration

Name             Origin             Length             Attributes
RAM              0x0000000020000000 0x0000000000018000 xrw
RAM2             0x0000000010000000 0x0000000000008000 xrw
FLASH            0x0000000008000000 0x0000000000100000 xr
*default*        0x0000000000000000 0xffffffffffffffff

Linker script and memory map

LOAD c:/st/stm32cubeide_1.6.0/stm32cubeide/plugins/com.st.stm32cube.ide.mcu.externaltools.gnu-tools-for-stm32.9-2020-q2-update.win32_1.5.0.202011040924/tools/bin/../lib/gcc/arm-none-eabi/9.3.1/thumb/v7e-m+fp/hard/crti.o
LOAD c:/st/stm32cubeide_1.6.0/stm32cubeide/plugins/com.st.stm32cube.ide.mcu.externaltools.gnu-tools-for-stm32.9-2020-q2-update.win32_1.5.0.202011040924/tools/bin/../lib/gcc/arm-none-eabi/9.3.1/thumb/v7e-m+fp/hard/crtbegin.o
LOAD c:/st/stm32cubeide_1.6.0/stm32cubeide/plugins/com.st.stm32cube.ide.mcu.externaltools.gnu-tools-for-stm32.9-2020-q2-update.win32_1.5.0.202011040924/tools/bin/../lib/gcc/arm-none-eabi/9.3.1/../../../../arm-none-eabi/lib/thumb/v7e-m+fp/hard/crt0.o
LOAD Core/Src/main.o
LOAD Core/Src/receiver.o
LOAD Core/Src/stm32l4xx_hal_msp.o
LOAD Core/Src/stm32l4xx_it.o
LOAD Core/Src/syscalls.o
LOAD Core/Src/sysmem.o
LOAD Core/Src/system_stm32l4xx.o
LOAD Core/Src/transmitter.o
LOAD Core/Startup/startup_stm32l476rgtx.o
LOAD Drivers/STM32L4xx_HAL_Driver/Src/stm32l4xx_hal.o
LOAD Drivers/STM32L4xx_HAL_Driver/Src/stm32l4xx_hal_cortex.o
LOAD Drivers/STM32L4xx_HAL_Driver/Src/stm32l4xx_hal_dma.o
LOAD Drivers/STM32L4xx_HAL_Driver/Src/stm32l4xx_hal_dma_ex.o
LOAD Drivers/STM32L4xx_HAL_Driver/Src/stm32l4xx_hal_exti.o
LOAD Drivers/STM32L4xx_HAL_Driver/Src/stm32l4xx_hal_flash.o
LOAD Drivers/STM32L4xx_HAL_Driver/Src/stm32l4xx_hal_flash_ex.o
LOAD Drivers/STM32L4xx_HAL_Driver/Src/stm32l4xx_hal_flash_ramfunc.o
LOAD Drivers/STM32L4xx_HAL_Driver/Src/stm32l4xx_hal_gpio.o
LOAD Drivers/STM32L4xx_HAL_Driver/Src/stm32l4xx_hal_i2c.o
LOAD Drivers/STM32L4xx_HAL_Driver/Src/stm32l4xx_hal_i2c_ex.o
LOAD Drivers/STM32L4xx_HAL_Driver/Src/stm32l4xx_hal_pwr.o
LOAD Drivers/STM32L4xx_HAL_Driver/Src/stm32l4xx_hal_pwr_ex.o
LOAD Drivers/STM32L4xx_HAL_Driver/Src/stm32l4xx_hal_rcc.o
LOAD Drivers/STM32L4xx_HAL_Driver/Src/stm32l4xx_hal_rcc_ex.o
LOAD Drivers/STM32L4xx_HAL_Driver/Src/stm32l4xx_hal_tim.o
LOAD Drivers/STM32L4xx_HAL_Driver/Src/stm32l4xx_hal_tim_ex.o
LOAD Drivers/STM32L4xx_HAL_Driver/Src/stm32l4xx_hal_uart.o
LOAD Drivers/STM32L4xx_HAL_Driver/Src/stm32l4xx_hal_uart_ex.o
START GROUP
LOAD c:/st/stm32cubeide_1.6.0/stm32cubeide/plugins/com.st.stm32cube.ide.mcu.externaltools.gnu-tools-for-stm32.9-2020-q2-update.win32_1.5.0.202011040924/tools/bin/../lib/gcc/arm-none-eabi/9.3.1/../../../../arm-none-eabi/lib/thumb/v7e-m+fp/hard\libc_nano.a
LOAD c:/st/stm32cubeide_1.6.0/stm32cubeide/plugins/com.st.stm32cube.ide.mcu.externaltools.gnu-tools-for-stm32.9-2020-q2-update.win32_1.5.0.202011040924/tools/bin/../lib/gcc/arm-none-eabi/9.3.1/../../../../arm-none-eabi/lib/thumb/v7e-m+fp/hard\libm.a
END GROUP
START GROUP
LOAD c:/st/stm32cubeide_1.6.0/stm32cubeide/plugins/com.st.stm32cube.ide.mcu.externaltools.gnu-tools-for-stm32.9-2020-q2-update.win32_1.5.0.202011040924/tools/bin/../lib/gcc/arm-none-eabi/9.3.1/thumb/v7e-m+fp/hard\libgcc.a
LOAD c:/st/stm32cubeide_1.6.0/stm32cubeide/plugins/com.st.stm32cube.ide.mcu.externaltools.gnu-tools-for-stm32.9-2020-q2-update.win32_1.5.0.202011040924/tools/bin/../lib/gcc/arm-none-eabi/9.3.1/../../../../arm-none-eabi/lib/thumb/v7e-m+fp/hard\libc_nano.a
END GROUP
START GROUP
LOAD c:/st/stm32cubeide_1.6.0/stm32cubeide/plugins/com.st.stm32cube.ide.mcu.externaltools.gnu-tools-for-stm32.9-2020-q2-update.win32_1.5.0.202011040924/tools/bin/../lib/gcc/arm-none-eabi/9.3.1/thumb/v7e-m+fp/hard\libgcc.a
LOAD c:/st/stm32cubeide_1.6.0/stm32cubeide/plugins/com.st.stm32cube.ide.mcu.externaltools.gnu-tools-for-stm32.9-2020-q2-update.win32_1.5.0.202011040924/tools/bin/../lib/gcc/arm-none-eabi/9.3.1/../../../../arm-none-eabi/lib/thumb/v7e-m+fp/hard\libc_nano.a
LOAD c:/st/stm32cubeide_1.6.0/stm32cubeide/plugins/com.st.stm32cube.ide.mcu.externaltools.gnu-tools-for-stm32.9-2020-q2-update.win32_1.5.0.202011040924/tools/bin/../lib/gcc/arm-none-eabi/9.3.1/../../../../arm-none-eabi/lib/thumb/v7e-m+fp/hard\libnosys.a
END GROUP
START GROUP
LOAD c:/st/stm32cubeide_1.6.0/stm32cubeide/plugins/com.st.stm32cube.ide.mcu.externaltools.gnu-tools-for-stm32.9-2020-q2-update.win32_1.5.0.202011040924/tools/bin/../lib/gcc/arm-none-eabi/9.3.1/thumb/v7e-m+fp/hard\libgcc.a
LOAD c:/st/stm32cubeide_1.6.0/stm32cubeide/plugins/com.st.stm32cube.ide.mcu.externaltools.gnu-tools-for-stm32.9-2020-q2-update.win32_1.5.0.202011040924/tools/bin/../lib/gcc/arm-none-eabi/9.3.1/../../../../arm-none-eabi/lib/thumb/v7e-m+fp/hard\libc_nano.a
LOAD c:/st/stm32cubeide_1.6.0/stm32cubeide/plugins/com.st.stm32cube.ide.mcu.externaltools.gnu-tools-for-stm32.9-2020-q2-update.win32_1.5.0.202011040924/tools/bin/../lib/gcc/arm-none-eabi/9.3.1/../../../../arm-none-eabi/lib/thumb/v7e-m+fp/hard\libnosys.a
END GROUP
LOAD c:/st/stm32cubeide_1.6.0/stm32cubeide/plugins/com.st.stm32cube.ide.mcu.externaltools.gnu-tools-for-stm32.9-2020-q2-update.win32_1.5.0.202011040924/tools/bin/../lib/gcc/arm-none-eabi/9.3.1/thumb/v7e-m+fp/hard/crtend.o
LOAD c:/st/stm32cubeide_1.6.0/stm32cubeide/plugins/com.st.stm32cube.ide.mcu.externaltools.gnu-tools-for-stm32.9-2020-q2-update.win32_1.5.0.202011040924/tools/bin/../lib/gcc/arm-none-eabi/9.3.1/thumb/v7e-m+fp/hard/crtn.o
                0x0000000020018000                _estack = (ORIGIN (RAM) + LENGTH (RAM))
                0x0000000000000200                _Min_Heap_Size = 0x200
                0x0000000000000400                _Min_Stack_Size = 0x400

.isr_vector     0x0000000008000000      0x188
                0x0000000008000000                . = ALIGN (0x4)
 *(.isr_vector)
 .isr_vector    0x0000000008000000      0x188 Core/Startup/startup_stm32l476rgtx.o
                0x0000000008000000                g_pfnVectors
                0x0000000008000188                . = ALIGN (0x4)

.text           0x0000000008000188     0x3870
                0x0000000008000188                . = ALIGN (0x4)
 *(.text)
 .text          0x0000000008000188       0x40 c:/st/stm32cubeide_1.6.0/stm32cubeide/plugins/com.st.stm32cube.ide.mcu.externaltools.gnu-tools-for-stm32.9-2020-q2-update.win32_1.5.0.202011040924/tools/bin/../lib/gcc/arm-none-eabi/9.3.1/thumb/v7e-m+fp/hard/crtbegin.o
 .text          0x00000000080001c8       0x30 c:/st/stm32cubeide_1.6.0/stm32cubeide/plugins/com.st.stm32cube.ide.mcu.externaltools.gnu-tools-for-stm32.9-2020-q2-update.win32_1.5.0.202011040924/tools/bin/../lib/gcc/arm-none-eabi/9.3.1/thumb/v7e-m+fp/hard\libgcc.a(_aeabi_uldivmod.o)
                0x00000000080001c8                __aeabi_uldivmod
 .text          0x00000000080001f8      0x2c4 c:/st/stm32cubeide_1.6.0/stm32cubeide/plugins/com.st.stm32cube.ide.mcu.externaltools.gnu-tools-for-stm32.9-2020-q2-update.win32_1.5.0.202011040924/tools/bin/../lib/gcc/arm-none-eabi/9.3.1/thumb/v7e-m+fp/hard\libgcc.a(_udivmoddi4.o)
                0x00000000080001f8                __udivmoddi4
 .text          0x00000000080004bc        0x4 c:/st/stm32cubeide_1.6.0/stm32cubeide/plugins/com.st.stm32cube.ide.mcu.externaltools.gnu-tools-for-stm32.9-2020-q2-update.win32_1.5.0.202011040924/tools/bin/../lib/gcc/arm-none-eabi/9.3.1/thumb/v7e-m+fp/hard\libgcc.a(_dvmd_tls.o)
                0x00000000080004bc                __aeabi_idiv0
                0x00000000080004bc                __aeabi_ldiv0
 *(.text*)
 .text.main     0x00000000080004c0       0x38 Core/Src/main.o
                0x00000000080004c0                main
 .text.SystemClock_Config
                0x00000000080004f8       0xca Core/Src/main.o
                0x00000000080004f8                SystemClock_Config
 *fill*         0x00000000080005c2        0x2 
 .text.MX_UART4_Init
                0x00000000080005c4       0x60 Core/Src/main.o
 .text.MX_USART1_UART_Init
                0x0000000008000624       0x60 Core/Src/main.o
 .text.MX_GPIO_Init
                0x0000000008000684       0x30 Core/Src/main.o
 .text.Error_Handler
                0x00000000080006b4        0xa Core/Src/main.o
                0x00000000080006b4                Error_Handler
 *fill*         0x00000000080006be        0x2 
 .text.HAL_UART_RxCpltCallback
                0x00000000080006c0       0x1c Core/Src/receiver.o
                0x00000000080006c0                HAL_UART_RxCpltCallback
 .text.HAL_MspInit
                0x00000000080006dc       0x48 Core/Src/stm32l4xx_hal_msp.o
                0x00000000080006dc                HAL_MspInit
 .text.HAL_UART_MspInit
                0x0000000008000724      0x108 Core/Src/stm32l4xx_hal_msp.o
                0x0000000008000724                HAL_UART_MspInit
 .text.NMI_Handler
                0x000000000800082c        0x6 Core/Src/stm32l4xx_it.o
                0x000000000800082c                NMI_Handler
 .text.HardFault_Handler
                0x0000000008000832        0x6 Core/Src/stm32l4xx_it.o
                0x0000000008000832                HardFault_Handler
 .text.MemManage_Handler
                0x0000000008000838        0x6 Core/Src/stm32l4xx_it.o
                0x0000000008000838                MemManage_Handler
 .text.BusFault_Handler
                0x000000000800083e        0x6 Core/Src/stm32l4xx_it.o
                0x000000000800083e                BusFault_Handler
 .text.UsageFault_Handler
                0x0000000008000844        0x6 Core/Src/stm32l4xx_it.o
                0x0000000008000844                UsageFault_Handler
 .text.SVC_Handler
                0x000000000800084a        0xe Core/Src/stm32l4xx_it.o
                0x000000000800084a                SVC_Handler
 .text.DebugMon_Handler
                0x0000000008000858        0xe Core/Src/stm32l4xx_it.o
                0x0000000008000858                DebugMon_Handler
 .text.PendSV_Handler
                0x0000000008000866        0xe Core/Src/stm32l4xx_it.o
                0x0000000008000866                PendSV_Handler
 .text.SysTick_Handler
                0x0000000008000874        0xc Core/Src/stm32l4xx_it.o
                0x0000000008000874                SysTick_Handler
 .text.USART1_IRQHandler
                0x0000000008000880       0x14 Core/Src/stm32l4xx_it.o
                0x0000000008000880                USART1_IRQHandler
 .text.UART4_IRQHandler
                0x0000000008000894       0x14 Core/Src/stm32l4xx_it.o
                0x0000000008000894                UART4_IRQHandler
 .text.SystemInit
                0x00000000080008a8       0x64 Core/Src/system_stm32l4xx.o
                0x00000000080008a8                SystemInit
 .text.HAL_UART_TxCpltCallback
                0x000000000800090c       0x24 Core/Src/transmitter.o
                0x000000000800090c                HAL_UART_TxCpltCallback
 .text.transmitData
                0x0000000008000930       0x20 Core/Src/transmitter.o
                0x0000000008000930                transmitData
 .text.Reset_Handler
                0x0000000008000950       0x50 Core/Startup/startup_stm32l476rgtx.o
                0x0000000008000950                Reset_Handler
 .text.Default_Handler
                0x00000000080009a0        0x2 Core/Startup/startup_stm32l476rgtx.o
                0x00000000080009a0                RTC_Alarm_IRQHandler
                0x00000000080009a0                EXTI2_IRQHandler
                0x00000000080009a0                TIM8_TRG_COM_IRQHandler
                0x00000000080009a0                TIM8_CC_IRQHandler
                0x00000000080009a0                TIM1_CC_IRQHandler
                0x00000000080009a0                TSC_IRQHandler
                0x00000000080009a0                TAMP_STAMP_IRQHandler
                0x00000000080009a0                EXTI3_IRQHandler
                0x00000000080009a0                LPTIM2_IRQHandler
                0x00000000080009a0                DFSDM1_FLT1_IRQHandler
                0x00000000080009a0                I2C3_ER_IRQHandler
                0x00000000080009a0                DFSDM1_FLT2_IRQHandler
                0x00000000080009a0                EXTI0_IRQHandler
                0x00000000080009a0                I2C2_EV_IRQHandler
                0x00000000080009a0                CAN1_RX0_IRQHandler
                0x00000000080009a0                FPU_IRQHandler
                0x00000000080009a0                TIM1_UP_TIM16_IRQHandler
                0x00000000080009a0                ADC1_2_IRQHandler
                0x00000000080009a0                SPI1_IRQHandler
                0x00000000080009a0                TIM6_DAC_IRQHandler
                0x00000000080009a0                TIM8_UP_IRQHandler
                0x00000000080009a0                DMA2_Channel2_IRQHandler
                0x00000000080009a0                DMA1_Channel4_IRQHandler
                0x00000000080009a0                SAI2_IRQHandler
                0x00000000080009a0                DFSDM1_FLT3_IRQHandler
                0x00000000080009a0                USART3_IRQHandler
                0x00000000080009a0                DMA1_Channel7_IRQHandler
                0x00000000080009a0                CAN1_RX1_IRQHandler
                0x00000000080009a0                LCD_IRQHandler
                0x00000000080009a0                UART5_IRQHandler
                0x00000000080009a0                ADC3_IRQHandler
                0x00000000080009a0                TIM4_IRQHandler
                0x00000000080009a0                DMA2_Channel1_IRQHandler
                0x00000000080009a0                QUADSPI_IRQHandler
                0x00000000080009a0                I2C1_EV_IRQHandler
                0x00000000080009a0                DMA1_Channel6_IRQHandler
                0x00000000080009a0                DMA2_Channel4_IRQHandler
                0x00000000080009a0                TIM3_IRQHandler
                0x00000000080009a0                RCC_IRQHandler
                0x00000000080009a0                DMA1_Channel1_IRQHandler
                0x00000000080009a0                Default_Handler
                0x00000000080009a0                DMA2_Channel7_IRQHandler
                0x00000000080009a0                EXTI15_10_IRQHandler
                0x00000000080009a0                TIM7_IRQHandler
                0x00000000080009a0                SDMMC1_IRQHandler
                0x00000000080009a0                TIM5_IRQHandler
                0x00000000080009a0                I2C3_EV_IRQHandler
                0x00000000080009a0                EXTI9_5_IRQHandler
                0x00000000080009a0                RTC_WKUP_IRQHandler
                0x00000000080009a0                PVD_PVM_IRQHandler
                0x00000000080009a0                SPI2_IRQHandler
                0x00000000080009a0                CAN1_TX_IRQHandler
                0x00000000080009a0                DMA2_Channel5_IRQHandler
                0x00000000080009a0                DMA1_Channel5_IRQHandler
                0x00000000080009a0                EXTI4_IRQHandler
                0x00000000080009a0                RNG_IRQHandler
                0x00000000080009a0                TIM1_TRG_COM_TIM17_IRQHandler
                0x00000000080009a0                DMA1_Channel3_IRQHandler
                0x00000000080009a0                COMP_IRQHandler
                0x00000000080009a0                WWDG_IRQHandler
                0x00000000080009a0                LPUART1_IRQHandler
                0x00000000080009a0                DMA2_Channel6_IRQHandler
                0x00000000080009a0                TIM2_IRQHandler
                0x00000000080009a0                EXTI1_IRQHandler
                0x00000000080009a0                USART2_IRQHandler
                0x00000000080009a0                DFSDM1_FLT0_IRQHandler
                0x00000000080009a0                I2C2_ER_IRQHandler
                0x00000000080009a0                DMA1_Channel2_IRQHandler
                0x00000000080009a0                TIM8_BRK_IRQHandler
                0x00000000080009a0                CAN1_SCE_IRQHandler
                0x00000000080009a0                FLASH_IRQHandler
                0x00000000080009a0                OTG_FS_IRQHandler
                0x00000000080009a0                SPI3_IRQHandler
                0x00000000080009a0                I2C1_ER_IRQHandler
                0x00000000080009a0                FMC_IRQHandler
                0x00000000080009a0                SWPMI1_IRQHandler
                0x00000000080009a0                LPTIM1_IRQHandler
                0x00000000080009a0                SAI1_IRQHandler
                0x00000000080009a0                DMA2_Channel3_IRQHandler
                0x00000000080009a0                TIM1_BRK_TIM15_IRQHandler
 .text.HAL_Init
                0x00000000080009a2       0x30 Drivers/STM32L4xx_HAL_Driver/Src/stm32l4xx_hal.o
                0x00000000080009a2                HAL_Init
 *fill*         0x00000000080009d2        0x2 
 .text.HAL_InitTick
                0x00000000080009d4       0x78 Drivers/STM32L4xx_HAL_Driver/Src/stm32l4xx_hal.o
                0x00000000080009d4                HAL_InitTick
 .text.HAL_IncTick
                0x0000000008000a4c       0x28 Drivers/STM32L4xx_HAL_Driver/Src/stm32l4xx_hal.o
                0x0000000008000a4c                HAL_IncTick
 .text.HAL_GetTick
                0x0000000008000a74       0x18 Drivers/STM32L4xx_HAL_Driver/Src/stm32l4xx_hal.o
                0x0000000008000a74                HAL_GetTick
 .text.__NVIC_SetPriorityGrouping
                0x0000000008000a8c       0x48 Drivers/STM32L4xx_HAL_Driver/Src/stm32l4xx_hal_cortex.o
 .text.__NVIC_GetPriorityGrouping
                0x0000000008000ad4       0x1c Drivers/STM32L4xx_HAL_Driver/Src/stm32l4xx_hal_cortex.o
 .text.__NVIC_EnableIRQ
                0x0000000008000af0       0x3c Drivers/STM32L4xx_HAL_Driver/Src/stm32l4xx_hal_cortex.o
 .text.__NVIC_SetPriority
                0x0000000008000b2c       0x54 Drivers/STM32L4xx_HAL_Driver/Src/stm32l4xx_hal_cortex.o
 .text.NVIC_EncodePriority
                0x0000000008000b80       0x66 Drivers/STM32L4xx_HAL_Driver/Src/stm32l4xx_hal_cortex.o
 *fill*         0x0000000008000be6        0x2 
 .text.SysTick_Config
                0x0000000008000be8       0x44 Drivers/STM32L4xx_HAL_Driver/Src/stm32l4xx_hal_cortex.o
 .text.HAL_NVIC_SetPriorityGrouping
                0x0000000008000c2c       0x16 Drivers/STM32L4xx_HAL_Driver/Src/stm32l4xx_hal_cortex.o
                0x0000000008000c2c                HAL_NVIC_SetPriorityGrouping
 .text.HAL_NVIC_SetPriority
                0x0000000008000c42       0x38 Drivers/STM32L4xx_HAL_Driver/Src/stm32l4xx_hal_cortex.o
                0x0000000008000c42                HAL_NVIC_SetPriority
 .text.HAL_NVIC_EnableIRQ
                0x0000000008000c7a       0x1c Drivers/STM32L4xx_HAL_Driver/Src/stm32l4xx_hal_cortex.o
                0x0000000008000c7a                HAL_NVIC_EnableIRQ
 .text.HAL_SYSTICK_Config
                0x0000000008000c96       0x18 Drivers/STM32L4xx_HAL_Driver/Src/stm32l4xx_hal_cortex.o
                0x0000000008000c96                HAL_SYSTICK_Config
 .text.HAL_DMA_Abort
                0x0000000008000cae       0x7c Drivers/STM32L4xx_HAL_Driver/Src/stm32l4xx_hal_dma.o
                0x0000000008000cae                HAL_DMA_Abort
 .text.HAL_DMA_Abort_IT
                0x0000000008000d2a       0x82 Drivers/STM32L4xx_HAL_Driver/Src/stm32l4xx_hal_dma.o
                0x0000000008000d2a                HAL_DMA_Abort_IT
 .text.HAL_GPIO_Init
                0x0000000008000dac      0x354 Drivers/STM32L4xx_HAL_Driver/Src/stm32l4xx_hal_gpio.o
                0x0000000008000dac                HAL_GPIO_Init
 .text.HAL_PWREx_GetVoltageRange
                0x0000000008001100       0x1c Drivers/STM32L4xx_HAL_Driver/Src/stm32l4xx_hal_pwr_ex.o
                0x0000000008001100                HAL_PWREx_GetVoltageRange
 .text.HAL_PWREx_ControlVoltageScaling
                0x000000000800111c       0xac Drivers/STM32L4xx_HAL_Driver/Src/stm32l4xx_hal_pwr_ex.o
                0x000000000800111c                HAL_PWREx_ControlVoltageScaling
 .text.HAL_RCC_OscConfig
                0x00000000080011c8      0x7cc Drivers/STM32L4xx_HAL_Driver/Src/stm32l4xx_hal_rcc.o
                0x00000000080011c8                HAL_RCC_OscConfig
 .text.HAL_RCC_ClockConfig
                0x0000000008001994      0x1c4 Drivers/STM32L4xx_HAL_Driver/Src/stm32l4xx_hal_rcc.o
                0x0000000008001994                HAL_RCC_ClockConfig
 .text.HAL_RCC_GetSysClockFreq
                0x0000000008001b58      0x118 Drivers/STM32L4xx_HAL_Driver/Src/stm32l4xx_hal_rcc.o
                0x0000000008001b58                HAL_RCC_GetSysClockFreq
 .text.HAL_RCC_GetHCLKFreq
                0x0000000008001c70       0x18 Drivers/STM32L4xx_HAL_Driver/Src/stm32l4xx_hal_rcc.o
                0x0000000008001c70                HAL_RCC_GetHCLKFreq
 .text.HAL_RCC_GetPCLK1Freq
                0x0000000008001c88       0x2c Drivers/STM32L4xx_HAL_Driver/Src/stm32l4xx_hal_rcc.o
                0x0000000008001c88                HAL_RCC_GetPCLK1Freq
 .text.HAL_RCC_GetPCLK2Freq
                0x0000000008001cb4       0x2c Drivers/STM32L4xx_HAL_Driver/Src/stm32l4xx_hal_rcc.o
                0x0000000008001cb4                HAL_RCC_GetPCLK2Freq
 .text.RCC_SetFlashLatencyFromMSIRange
                0x0000000008001ce0       0xc0 Drivers/STM32L4xx_HAL_Driver/Src/stm32l4xx_hal_rcc.o
 .text.HAL_RCCEx_PeriphCLKConfig
                0x0000000008001da0      0x5d4 Drivers/STM32L4xx_HAL_Driver/Src/stm32l4xx_hal_rcc_ex.o
                0x0000000008001da0                HAL_RCCEx_PeriphCLKConfig
 .text.RCCEx_PLLSAI1_Config
                0x0000000008002374      0x1e8 Drivers/STM32L4xx_HAL_Driver/Src/stm32l4xx_hal_rcc_ex.o
 .text.RCCEx_PLLSAI2_Config
                0x000000000800255c      0x1bc Drivers/STM32L4xx_HAL_Driver/Src/stm32l4xx_hal_rcc_ex.o
 .text.HAL_UART_Init
                0x0000000008002718       0x9c Drivers/STM32L4xx_HAL_Driver/Src/stm32l4xx_hal_uart.o
                0x0000000008002718                HAL_UART_Init
 .text.HAL_UART_Transmit_IT
                0x00000000080027b4       0xb8 Drivers/STM32L4xx_HAL_Driver/Src/stm32l4xx_hal_uart.o
                0x00000000080027b4                HAL_UART_Transmit_IT
 .text.HAL_UART_Receive_IT
                0x000000000800286c       0x88 Drivers/STM32L4xx_HAL_Driver/Src/stm32l4xx_hal_uart.o
                0x000000000800286c                HAL_UART_Receive_IT
 .text.HAL_UART_IRQHandler
                0x00000000080028f4      0x404 Drivers/STM32L4xx_HAL_Driver/Src/stm32l4xx_hal_uart.o
                0x00000000080028f4                HAL_UART_IRQHandler
 .text.HAL_UART_ErrorCallback
                0x0000000008002cf8       0x14 Drivers/STM32L4xx_HAL_Driver/Src/stm32l4xx_hal_uart.o
                0x0000000008002cf8                HAL_UART_ErrorCallback
 .text.HAL_UARTEx_RxEventCallback
                0x0000000008002d0c       0x18 Drivers/STM32L4xx_HAL_Driver/Src/stm32l4xx_hal_uart.o
                0x0000000008002d0c                HAL_UARTEx_RxEventCallback
 .text.UART_SetConfig
                0x0000000008002d24      0x514 Drivers/STM32L4xx_HAL_Driver/Src/stm32l4xx_hal_uart.o
                0x0000000008002d24                UART_SetConfig
 .text.UART_AdvFeatureConfig
                0x0000000008003238      0x144 Drivers/STM32L4xx_HAL_Driver/Src/stm32l4xx_hal_uart.o
                0x0000000008003238                UART_AdvFeatureConfig
 .text.UART_CheckIdleState
                0x000000000800337c       0x92 Drivers/STM32L4xx_HAL_Driver/Src/stm32l4xx_hal_uart.o
                0x000000000800337c                UART_CheckIdleState
 .text.UART_WaitOnFlagUntilTimeout
                0x000000000800340e       0xf8 Drivers/STM32L4xx_HAL_Driver/Src/stm32l4xx_hal_uart.o
                0x000000000800340e                UART_WaitOnFlagUntilTimeout
 *fill*         0x0000000008003506        0x2 
 .text.UART_Start_Receive_IT
                0x0000000008003508      0x110 Drivers/STM32L4xx_HAL_Driver/Src/stm32l4xx_hal_uart.o
                0x0000000008003508                UART_Start_Receive_IT
 .text.UART_EndRxTransfer
                0x0000000008003618       0x5e Drivers/STM32L4xx_HAL_Driver/Src/stm32l4xx_hal_uart.o
 .text.UART_DMAAbortOnError
                0x0000000008003676       0x2c Drivers/STM32L4xx_HAL_Driver/Src/stm32l4xx_hal_uart.o
 .text.UART_TxISR_8BIT
                0x00000000080036a2       0x74 Drivers/STM32L4xx_HAL_Driver/Src/stm32l4xx_hal_uart.o
 .text.UART_TxISR_16BIT
                0x0000000008003716       0x7c Drivers/STM32L4xx_HAL_Driver/Src/stm32l4xx_hal_uart.o
 .text.UART_EndTransmit_IT
                0x0000000008003792       0x32 Drivers/STM32L4xx_HAL_Driver/Src/stm32l4xx_hal_uart.o
 .text.UART_RxISR_8BIT
                0x00000000080037c4       0xd8 Drivers/STM32L4xx_HAL_Driver/Src/stm32l4xx_hal_uart.o
 .text.UART_RxISR_16BIT
                0x000000000800389c       0xd8 Drivers/STM32L4xx_HAL_Driver/Src/stm32l4xx_hal_uart.o
 .text.HAL_UARTEx_WakeupCallback
                0x0000000008003974       0x14 Drivers/STM32L4xx_HAL_Driver/Src/stm32l4xx_hal_uart_ex.o
                0x0000000008003974                HAL_UARTEx_WakeupCallback
 .text.__libc_init_array
                0x0000000008003988       0x48 c:/st/stm32cubeide_1.6.0/stm32cubeide/plugins/com.st.stm32cube.ide.mcu.externaltools.gnu-tools-for-stm32.9-2020-q2-update.win32_1.5.0.202011040924/tools/bin/../lib/gcc/arm-none-eabi/9.3.1/../../../../arm-none-eabi/lib/thumb/v7e-m+fp/hard\libc_nano.a(lib_a-init.o)
                0x0000000008003988                __libc_init_array
 .text.memset   0x00000000080039d0       0x10 c:/st/stm32cubeide_1.6.0/stm32cubeide/plugins/com.st.stm32cube.ide.mcu.externaltools.gnu-tools-for-stm32.9-2020-q2-update.win32_1.5.0.202011040924/tools/bin/../lib/gcc/arm-none-eabi/9.3.1/../../../../arm-none-eabi/lib/thumb/v7e-m+fp/hard\libc_nano.a(lib_a-memset.o)
                0x00000000080039d0                memset
 *(.glue_7)
 .glue_7        0x00000000080039e0        0x0 linker stubs
 *(.glue_7t)
 .glue_7t       0x00000000080039e0        0x0 linker stubs
 *(.eh_frame)
 .eh_frame      0x00000000080039e0        0x0 c:/st/stm32cubeide_1.6.0/stm32cubeide/plugins/com.st.stm32cube.ide.mcu.externaltools.gnu-tools-for-stm32.9-2020-q2-update.win32_1.5.0.202011040924/tools/bin/../lib/gcc/arm-none-eabi/9.3.1/thumb/v7e-m+fp/hard/crtbegin.o
 *(.init)
 .init          0x00000000080039e0        0x4 c:/st/stm32cubeide_1.6.0/stm32cubeide/plugins/com.st.stm32cube.ide.mcu.externaltools.gnu-tools-for-stm32.9-2020-q2-update.win32_1.5.0.202011040924/tools/bin/../lib/gcc/arm-none-eabi/9.3.1/thumb/v7e-m+fp/hard/crti.o
                0x00000000080039e0                _init
 .init          0x00000000080039e4        0x8 c:/st/stm32cubeide_1.6.0/stm32cubeide/plugins/com.st.stm32cube.ide.mcu.externaltools.gnu-tools-for-stm32.9-2020-q2-update.win32_1.5.0.202011040924/tools/bin/../lib/gcc/arm-none-eabi/9.3.1/thumb/v7e-m+fp/hard/crtn.o
 *(.fini)
 .fini          0x00000000080039ec        0x4 c:/st/stm32cubeide_1.6.0/stm32cubeide/plugins/com.st.stm32cube.ide.mcu.externaltools.gnu-tools-for-stm32.9-2020-q2-update.win32_1.5.0.202011040924/tools/bin/../lib/gcc/arm-none-eabi/9.3.1/thumb/v7e-m+fp/hard/crti.o
                0x00000000080039ec                _fini
 .fini          0x00000000080039f0        0x8 c:/st/stm32cubeide_1.6.0/stm32cubeide/plugins/com.st.stm32cube.ide.mcu.externaltools.gnu-tools-for-stm32.9-2020-q2-update.win32_1.5.0.202011040924/tools/bin/../lib/gcc/arm-none-eabi/9.3.1/thumb/v7e-m+fp/hard/crtn.o
                0x00000000080039f8                . = ALIGN (0x4)
                0x00000000080039f8                _etext = .

.vfp11_veneer   0x00000000080039f8        0x0
 .vfp11_veneer  0x00000000080039f8        0x0 linker stubs

.v4_bx          0x00000000080039f8        0x0
 .v4_bx         0x00000000080039f8        0x0 linker stubs

.iplt           0x00000000080039f8        0x0
 .iplt          0x00000000080039f8        0x0 c:/st/stm32cubeide_1.6.0/stm32cubeide/plugins/com.st.stm32cube.ide.mcu.externaltools.gnu-tools-for-stm32.9-2020-q2-update.win32_1.5.0.202011040924/tools/bin/../lib/gcc/arm-none-eabi/9.3.1/thumb/v7e-m+fp/hard/crtbegin.o

.rodata         0x00000000080039f8       0x48
                0x00000000080039f8                . = ALIGN (0x4)
 *(.rodata)
 *(.rodata*)
 .rodata.AHBPrescTable
                0x00000000080039f8       0x10 Core/Src/system_stm32l4xx.o
                0x00000000080039f8                AHBPrescTable
 .rodata.APBPrescTable
                0x0000000008003a08        0x8 Core/Src/system_stm32l4xx.o
                0x0000000008003a08                APBPrescTable
 .rodata.MSIRangeTable
                0x0000000008003a10       0x30 Core/Src/system_stm32l4xx.o
                0x0000000008003a10                MSIRangeTable
                0x0000000008003a40                . = ALIGN (0x4)

.ARM.extab      0x0000000008003a40        0x0
                0x0000000008003a40                . = ALIGN (0x4)
 *(.ARM.extab* .gnu.linkonce.armextab.*)
                0x0000000008003a40                . = ALIGN (0x4)

.ARM            0x0000000008003a40        0x8
                0x0000000008003a40                . = ALIGN (0x4)
                0x0000000008003a40                __exidx_start = .
 *(.ARM.exidx*)
 .ARM.exidx     0x0000000008003a40        0x8 c:/st/stm32cubeide_1.6.0/stm32cubeide/plugins/com.st.stm32cube.ide.mcu.externaltools.gnu-tools-for-stm32.9-2020-q2-update.win32_1.5.0.202011040924/tools/bin/../lib/gcc/arm-none-eabi/9.3.1/thumb/v7e-m+fp/hard\libgcc.a(_udivmoddi4.o)
                0x0000000008003a48                __exidx_end = .
                0x0000000008003a48                . = ALIGN (0x4)

.rel.dyn        0x0000000008003a48        0x0
 .rel.iplt      0x0000000008003a48        0x0 c:/st/stm32cubeide_1.6.0/stm32cubeide/plugins/com.st.stm32cube.ide.mcu.externaltools.gnu-tools-for-stm32.9-2020-q2-update.win32_1.5.0.202011040924/tools/bin/../lib/gcc/arm-none-eabi/9.3.1/thumb/v7e-m+fp/hard/crtbegin.o

.preinit_array  0x0000000008003a48        0x0
                0x0000000008003a48                . = ALIGN (0x4)
                0x0000000008003a48                PROVIDE (__preinit_array_start = .)
 *(.preinit_array*)
                0x0000000008003a48                PROVIDE (__preinit_array_end = .)
                0x0000000008003a48                . = ALIGN (0x4)

.init_array     0x0000000008003a48        0x4
                0x0000000008003a48                . = ALIGN (0x4)
                0x0000000008003a48                PROVIDE (__init_array_start = .)
 *(SORT_BY_NAME(.init_array.*))
 *(.init_array*)
 .init_array    0x0000000008003a48        0x4 c:/st/stm32cubeide_1.6.0/stm32cubeide/plugins/com.st.stm32cube.ide.mcu.externaltools.gnu-tools-for-stm32.9-2020-q2-update.win32_1.5.0.202011040924/tools/bin/../lib/gcc/arm-none-eabi/9.3.1/thumb/v7e-m+fp/hard/crtbegin.o
                0x0000000008003a4c                PROVIDE (__init_array_end = .)
                0x0000000008003a4c                . = ALIGN (0x4)

.fini_array     0x0000000008003a4c        0x4
                0x0000000008003a4c                . = ALIGN (0x4)
                [!provide]                        PROVIDE (__fini_array_start = .)
 *(SORT_BY_NAME(.fini_array.*))
 *(.fini_array*)
 .fini_array    0x0000000008003a4c        0x4 c:/st/stm32cubeide_1.6.0/stm32cubeide/plugins/com.st.stm32cube.ide.mcu.externaltools.gnu-tools-for-stm32.9-2020-q2-update.win32_1.5.0.202011040924/tools/bin/../lib/gcc/arm-none-eabi/9.3.1/thumb/v7e-m+fp/hard/crtbegin.o
                [!provide]                        PROVIDE (__fini_array_end = .)
                0x0000000008003a50                . = ALIGN (0x4)
                0x0000000008003a50                _sidata = LOADADDR (.data)

.data           0x0000000020000000        0xc load address 0x0000000008003a50
                0x0000000020000000                . = ALIGN (0x4)
                0x0000000020000000                _sdata = .
 *(.data)
 *(.data*)
 .data.SystemCoreClock
                0x0000000020000000        0x4 Core/Src/system_stm32l4xx.o
                0x0000000020000000                SystemCoreClock
 .data.uwTickPrio
                0x0000000020000004        0x4 Drivers/STM32L4xx_HAL_Driver/Src/stm32l4xx_hal.o
                0x0000000020000004                uwTickPrio
 .data.uwTickFreq
                0x0000000020000008        0x1 Drivers/STM32L4xx_HAL_Driver/Src/stm32l4xx_hal.o
                0x0000000020000008                uwTickFreq
 *(.RamFunc)
 *(.RamFunc*)
                0x000000002000000c                . = ALIGN (0x4)
 *fill*         0x0000000020000009        0x3 
                0x000000002000000c                _edata = .

.igot.plt       0x000000002000000c        0x0 load address 0x0000000008003a5c
 .igot.plt      0x000000002000000c        0x0 c:/st/stm32cubeide_1.6.0/stm32cubeide/plugins/com.st.stm32cube.ide.mcu.externaltools.gnu-tools-for-stm32.9-2020-q2-update.win32_1.5.0.202011040924/tools/bin/../lib/gcc/arm-none-eabi/9.3.1/thumb/v7e-m+fp/hard/crtbegin.o
                0x000000002000000c                . = ALIGN (0x4)

.bss            0x000000002000000c      0x130 load address 0x0000000008003a5c
                0x000000002000000c                _sbss = .
                0x000000002000000c                __bss_start__ = _sbss
 *(.bss)
 .bss           0x000000002000000c       0x1c c:/st/stm32cubeide_1.6.0/stm32cubeide/plugins/com.st.stm32cube.ide.mcu.externaltools.gnu-tools-for-stm32.9-2020-q2-update.win32_1.5.0.202011040924/tools/bin/../lib/gcc/arm-none-eabi/9.3.1/thumb/v7e-m+fp/hard/crtbegin.o
 *(.bss*)
 .bss.buff      0x0000000020000028        0x8 Core/Src/receiver.o
                0x0000000020000028                buff
 *(COMMON)
 COMMON         0x0000000020000030      0x108 Core/Src/main.o
                0x0000000020000030                huart1
                0x00000000200000b4                huart4
 COMMON         0x0000000020000138        0x4 Drivers/STM32L4xx_HAL_Driver/Src/stm32l4xx_hal.o
                0x0000000020000138                uwTick
                0x000000002000013c                . = ALIGN (0x4)
                0x000000002000013c                _ebss = .
                0x000000002000013c                __bss_end__ = _ebss

._user_heap_stack
                0x000000002000013c      0x604 load address 0x0000000008003a5c
                0x0000000020000140                . = ALIGN (0x8)
 *fill*         0x000000002000013c        0x4 
                [!provide]                        PROVIDE (end = .)
                0x0000000020000140                PROVIDE (_end = .)
                0x0000000020000340                . = (. + _Min_Heap_Size)
 *fill*         0x0000000020000140      0x200 
                0x0000000020000740                . = (. + _Min_Stack_Size)
 *fill*         0x0000000020000340      0x400 
                0x0000000020000740                . = ALIGN (0x8)

/DISCARD/
 libc.a(*)
 libm.a(*)
 libgcc.a(*)

.ARM.attributes
                0x0000000000000000       0x30
 *(.ARM.attributes)
 .ARM.attributes
                0x0000000000000000       0x1e c:/st/stm32cubeide_1.6.0/stm32cubeide/plugins/com.st.stm32cube.ide.mcu.externaltools.gnu-tools-for-stm32.9-2020-q2-update.win32_1.5.0.202011040924/tools/bin/../lib/gcc/arm-none-eabi/9.3.1/thumb/v7e-m+fp/hard/crti.o
 .ARM.attributes
                0x000000000000001e       0x34 c:/st/stm32cubeide_1.6.0/stm32cubeide/plugins/com.st.stm32cube.ide.mcu.externaltools.gnu-tools-for-stm32.9-2020-q2-update.win32_1.5.0.202011040924/tools/bin/../lib/gcc/arm-none-eabi/9.3.1/thumb/v7e-m+fp/hard/crtbegin.o
 .ARM.attributes
                0x0000000000000052       0x34 Core/Src/main.o
 .ARM.attributes
                0x0000000000000086       0x34 Core/Src/receiver.o
 .ARM.attributes
                0x00000000000000ba       0x34 Core/Src/stm32l4xx_hal_msp.o
 .ARM.attributes
                0x00000000000000ee       0x34 Core/Src/stm32l4xx_it.o
 .ARM.attributes
                0x0000000000000122       0x34 Core/Src/system_stm32l4xx.o
 .ARM.attributes
                0x0000000000000156       0x34 Core/Src/transmitter.o
 .ARM.attributes
                0x000000000000018a       0x21 Core/Startup/startup_stm32l476rgtx.o
 .ARM.attributes
                0x00000000000001ab       0x34 Drivers/STM32L4xx_HAL_Driver/Src/stm32l4xx_hal.o
 .ARM.attributes
                0x00000000000001df       0x34 Drivers/STM32L4xx_HAL_Driver/Src/stm32l4xx_hal_cortex.o
 .ARM.attributes
                0x0000000000000213       0x34 Drivers/STM32L4xx_HAL_Driver/Src/stm32l4xx_hal_dma.o
 .ARM.attributes
                0x0000000000000247       0x34 Drivers/STM32L4xx_HAL_Driver/Src/stm32l4xx_hal_gpio.o
 .ARM.attributes
                0x000000000000027b       0x34 Drivers/STM32L4xx_HAL_Driver/Src/stm32l4xx_hal_pwr_ex.o
 .ARM.attributes
                0x00000000000002af       0x34 Drivers/STM32L4xx_HAL_Driver/Src/stm32l4xx_hal_rcc.o
 .ARM.attributes
                0x00000000000002e3       0x34 Drivers/STM32L4xx_HAL_Driver/Src/stm32l4xx_hal_rcc_ex.o
 .ARM.attributes
                0x0000000000000317       0x34 Drivers/STM32L4xx_HAL_Driver/Src/stm32l4xx_hal_uart.o
 .ARM.attributes
                0x000000000000034b       0x34 Drivers/STM32L4xx_HAL_Driver/Src/stm32l4xx_hal_uart_ex.o
 .ARM.attributes
                0x000000000000037f       0x34 c:/st/stm32cubeide_1.6.0/stm32cubeide/plugins/com.st.stm32cube.ide.mcu.externaltools.gnu-tools-for-stm32.9-2020-q2-update.win32_1.5.0.202011040924/tools/bin/../lib/gcc/arm-none-eabi/9.3.1/../../../../arm-none-eabi/lib/thumb/v7e-m+fp/hard\libc_nano.a(lib_a-init.o)
 .ARM.attributes
                0x00000000000003b3       0x34 c:/st/stm32cubeide_1.6.0/stm32cubeide/plugins/com.st.stm32cube.ide.mcu.externaltools.gnu-tools-for-stm32.9-2020-q2-update.win32_1.5.0.202011040924/tools/bin/../lib/gcc/arm-none-eabi/9.3.1/../../../../arm-none-eabi/lib/thumb/v7e-m+fp/hard\libc_nano.a(lib_a-memset.o)
 .ARM.attributes
                0x00000000000003e7       0x1e c:/st/stm32cubeide_1.6.0/stm32cubeide/plugins/com.st.stm32cube.ide.mcu.externaltools.gnu-tools-for-stm32.9-2020-q2-update.win32_1.5.0.202011040924/tools/bin/../lib/gcc/arm-none-eabi/9.3.1/thumb/v7e-m+fp/hard\libgcc.a(_aeabi_uldivmod.o)
 .ARM.attributes
                0x0000000000000405       0x34 c:/st/stm32cubeide_1.6.0/stm32cubeide/plugins/com.st.stm32cube.ide.mcu.externaltools.gnu-tools-for-stm32.9-2020-q2-update.win32_1.5.0.202011040924/tools/bin/../lib/gcc/arm-none-eabi/9.3.1/thumb/v7e-m+fp/hard\libgcc.a(_udivmoddi4.o)
 .ARM.attributes
                0x0000000000000439       0x1e c:/st/stm32cubeide_1.6.0/stm32cubeide/plugins/com.st.stm32cube.ide.mcu.externaltools.gnu-tools-for-stm32.9-2020-q2-update.win32_1.5.0.202011040924/tools/bin/../lib/gcc/arm-none-eabi/9.3.1/thumb/v7e-m+fp/hard\libgcc.a(_dvmd_tls.o)
 .ARM.attributes
                0x0000000000000457       0x1e c:/st/stm32cubeide_1.6.0/stm32cubeide/plugins/com.st.stm32cube.ide.mcu.externaltools.gnu-tools-for-stm32.9-2020-q2-update.win32_1.5.0.202011040924/tools/bin/../lib/gcc/arm-none-eabi/9.3.1/thumb/v7e-m+fp/hard/crtn.o
OUTPUT(L476_211101_Receiver.elf elf32-littlearm)
LOAD linker stubs
LOAD c:/st/stm32cubeide_1.6.0/stm32cubeide/plugins/com.st.stm32cube.ide.mcu.externaltools.gnu-tools-for-stm32.9-2020-q2-update.win32_1.5.0.202011040924/tools/bin/../lib/gcc/arm-none-eabi/9.3.1/../../../../arm-none-eabi/lib/thumb/v7e-m+fp/hard\libc.a
LOAD c:/st/stm32cubeide_1.6.0/stm32cubeide/plugins/com.st.stm32cube.ide.mcu.externaltools.gnu-tools-for-stm32.9-2020-q2-update.win32_1.5.0.202011040924/tools/bin/../lib/gcc/arm-none-eabi/9.3.1/../../../../arm-none-eabi/lib/thumb/v7e-m+fp/hard\libm.a
LOAD c:/st/stm32cubeide_1.6.0/stm32cubeide/plugins/com.st.stm32cube.ide.mcu.externaltools.gnu-tools-for-stm32.9-2020-q2-update.win32_1.5.0.202011040924/tools/bin/../lib/gcc/arm-none-eabi/9.3.1/thumb/v7e-m+fp/hard\libgcc.a

.debug_info     0x0000000000000000     0xdcd7
 .debug_info    0x0000000000000000     0x1813 Core/Src/main.o
 .debug_info    0x0000000000001813     0x1166 Core/Src/receiver.o
 .debug_info    0x0000000000002979      0xef0 Core/Src/stm32l4xx_hal_msp.o
 .debug_info    0x0000000000003869      0x940 Core/Src/stm32l4xx_it.o
 .debug_info    0x00000000000041a9      0x779 Core/Src/system_stm32l4xx.o
 .debug_info    0x0000000000004922     0x118c Core/Src/transmitter.o
 .debug_info    0x0000000000005aae       0x22 Core/Startup/startup_stm32l476rgtx.o
 .debug_info    0x0000000000005ad0      0xcb9 Drivers/STM32L4xx_HAL_Driver/Src/stm32l4xx_hal.o
 .debug_info    0x0000000000006789     0x102e Drivers/STM32L4xx_HAL_Driver/Src/stm32l4xx_hal_cortex.o
 .debug_info    0x00000000000077b7      0x973 Drivers/STM32L4xx_HAL_Driver/Src/stm32l4xx_hal_dma.o
 .debug_info    0x000000000000812a      0xa5f Drivers/STM32L4xx_HAL_Driver/Src/stm32l4xx_hal_gpio.o
 .debug_info    0x0000000000008b89      0xbda Drivers/STM32L4xx_HAL_Driver/Src/stm32l4xx_hal_pwr_ex.o
 .debug_info    0x0000000000009763      0xe0b Drivers/STM32L4xx_HAL_Driver/Src/stm32l4xx_hal_rcc.o
 .debug_info    0x000000000000a56e     0x103f Drivers/STM32L4xx_HAL_Driver/Src/stm32l4xx_hal_rcc_ex.o
 .debug_info    0x000000000000b5ad     0x1ac3 Drivers/STM32L4xx_HAL_Driver/Src/stm32l4xx_hal_uart.o
 .debug_info    0x000000000000d070      0xc67 Drivers/STM32L4xx_HAL_Driver/Src/stm32l4xx_hal_uart_ex.o

.debug_abbrev   0x0000000000000000     0x1f5c
 .debug_abbrev  0x0000000000000000      0x290 Core/Src/main.o
 .debug_abbrev  0x0000000000000290      0x1ec Core/Src/receiver.o
 .debug_abbrev  0x000000000000047c      0x1b5 Core/Src/stm32l4xx_hal_msp.o
 .debug_abbrev  0x0000000000000631      0x163 Core/Src/stm32l4xx_it.o
 .debug_abbrev  0x0000000000000794      0x165 Core/Src/system_stm32l4xx.o
 .debug_abbrev  0x00000000000008f9      0x1ec Core/Src/transmitter.o
 .debug_abbrev  0x0000000000000ae5       0x12 Core/Startup/startup_stm32l476rgtx.o
 .debug_abbrev  0x0000000000000af7      0x227 Drivers/STM32L4xx_HAL_Driver/Src/stm32l4xx_hal.o
 .debug_abbrev  0x0000000000000d1e      0x33c Drivers/STM32L4xx_HAL_Driver/Src/stm32l4xx_hal_cortex.o
 .debug_abbrev  0x000000000000105a      0x201 Drivers/STM32L4xx_HAL_Driver/Src/stm32l4xx_hal_dma.o
 .debug_abbrev  0x000000000000125b      0x1e8 Drivers/STM32L4xx_HAL_Driver/Src/stm32l4xx_hal_gpio.o
 .debug_abbrev  0x0000000000001443      0x1f3 Drivers/STM32L4xx_HAL_Driver/Src/stm32l4xx_hal_pwr_ex.o
 .debug_abbrev  0x0000000000001636      0x275 Drivers/STM32L4xx_HAL_Driver/Src/stm32l4xx_hal_rcc.o
 .debug_abbrev  0x00000000000018ab      0x268 Drivers/STM32L4xx_HAL_Driver/Src/stm32l4xx_hal_rcc_ex.o
 .debug_abbrev  0x0000000000001b13      0x23f Drivers/STM32L4xx_HAL_Driver/Src/stm32l4xx_hal_uart.o
 .debug_abbrev  0x0000000000001d52      0x20a Drivers/STM32L4xx_HAL_Driver/Src/stm32l4xx_hal_uart_ex.o

.debug_aranges  0x0000000000000000      0x9d8
 .debug_aranges
                0x0000000000000000       0x48 Core/Src/main.o
 .debug_aranges
                0x0000000000000048       0x20 Core/Src/receiver.o
 .debug_aranges
                0x0000000000000068       0x30 Core/Src/stm32l4xx_hal_msp.o
 .debug_aranges
                0x0000000000000098       0x70 Core/Src/stm32l4xx_it.o
 .debug_aranges
                0x0000000000000108       0x28 Core/Src/system_stm32l4xx.o
 .debug_aranges
                0x0000000000000130       0x28 Core/Src/transmitter.o
 .debug_aranges
                0x0000000000000158       0x28 Core/Startup/startup_stm32l476rgtx.o
 .debug_aranges
                0x0000000000000180      0x130 Drivers/STM32L4xx_HAL_Driver/Src/stm32l4xx_hal.o
 .debug_aranges
                0x00000000000002b0      0x118 Drivers/STM32L4xx_HAL_Driver/Src/stm32l4xx_hal_cortex.o
 .debug_aranges
                0x00000000000003c8       0x80 Drivers/STM32L4xx_HAL_Driver/Src/stm32l4xx_hal_dma.o
 .debug_aranges
                0x0000000000000448       0x58 Drivers/STM32L4xx_HAL_Driver/Src/stm32l4xx_hal_gpio.o
 .debug_aranges
                0x00000000000004a0      0x150 Drivers/STM32L4xx_HAL_Driver/Src/stm32l4xx_hal_pwr_ex.o
 .debug_aranges
                0x00000000000005f0       0x88 Drivers/STM32L4xx_HAL_Driver/Src/stm32l4xx_hal_rcc.o
 .debug_aranges
                0x0000000000000678       0xc0 Drivers/STM32L4xx_HAL_Driver/Src/stm32l4xx_hal_rcc_ex.o
 .debug_aranges
                0x0000000000000738      0x228 Drivers/STM32L4xx_HAL_Driver/Src/stm32l4xx_hal_uart.o
 .debug_aranges
                0x0000000000000960       0x78 Drivers/STM32L4xx_HAL_Driver/Src/stm32l4xx_hal_uart_ex.o

.debug_ranges   0x0000000000000000      0x910
 .debug_ranges  0x0000000000000000       0x38 Core/Src/main.o
 .debug_ranges  0x0000000000000038       0x10 Core/Src/receiver.o
 .debug_ranges  0x0000000000000048       0x20 Core/Src/stm32l4xx_hal_msp.o
 .debug_ranges  0x0000000000000068       0x60 Core/Src/stm32l4xx_it.o
 .debug_ranges  0x00000000000000c8       0x18 Core/Src/system_stm32l4xx.o
 .debug_ranges  0x00000000000000e0       0x18 Core/Src/transmitter.o
 .debug_ranges  0x00000000000000f8       0x20 Core/Startup/startup_stm32l476rgtx.o
 .debug_ranges  0x0000000000000118      0x120 Drivers/STM32L4xx_HAL_Driver/Src/stm32l4xx_hal.o
 .debug_ranges  0x0000000000000238      0x108 Drivers/STM32L4xx_HAL_Driver/Src/stm32l4xx_hal_cortex.o
 .debug_ranges  0x0000000000000340       0x70 Drivers/STM32L4xx_HAL_Driver/Src/stm32l4xx_hal_dma.o
 .debug_ranges  0x00000000000003b0       0x48 Drivers/STM32L4xx_HAL_Driver/Src/stm32l4xx_hal_gpio.o
 .debug_ranges  0x00000000000003f8      0x140 Drivers/STM32L4xx_HAL_Driver/Src/stm32l4xx_hal_pwr_ex.o
 .debug_ranges  0x0000000000000538       0x78 Drivers/STM32L4xx_HAL_Driver/Src/stm32l4xx_hal_rcc.o
 .debug_ranges  0x00000000000005b0       0xb0 Drivers/STM32L4xx_HAL_Driver/Src/stm32l4xx_hal_rcc_ex.o
 .debug_ranges  0x0000000000000660      0x248 Drivers/STM32L4xx_HAL_Driver/Src/stm32l4xx_hal_uart.o
 .debug_ranges  0x00000000000008a8       0x68 Drivers/STM32L4xx_HAL_Driver/Src/stm32l4xx_hal_uart_ex.o

.debug_macro    0x0000000000000000    0x26ccd
 .debug_macro   0x0000000000000000      0x375 Core/Src/main.o
 .debug_macro   0x0000000000000375      0xaa8 Core/Src/main.o
 .debug_macro   0x0000000000000e1d      0x1a7 Core/Src/main.o
 .debug_macro   0x0000000000000fc4       0x2e Core/Src/main.o
 .debug_macro   0x0000000000000ff2       0x28 Core/Src/main.o
 .debug_macro   0x000000000000101a       0x22 Core/Src/main.o
 .debug_macro   0x000000000000103c       0x8e Core/Src/main.o
 .debug_macro   0x00000000000010ca       0x51 Core/Src/main.o
 .debug_macro   0x000000000000111b      0x103 Core/Src/main.o
 .debug_macro   0x000000000000121e       0x6a Core/Src/main.o
 .debug_macro   0x0000000000001288      0x1df Core/Src/main.o
 .debug_macro   0x0000000000001467       0x1c Core/Src/main.o
 .debug_macro   0x0000000000001483       0x22 Core/Src/main.o
 .debug_macro   0x00000000000014a5      0x101 Core/Src/main.o
 .debug_macro   0x00000000000015a6     0x1011 Core/Src/main.o
 .debug_macro   0x00000000000025b7      0x11f Core/Src/main.o
 .debug_macro   0x00000000000026d6    0x1a13d Core/Src/main.o
 .debug_macro   0x000000000001c813       0x43 Core/Src/main.o
 .debug_macro   0x000000000001c856     0x3897 Core/Src/main.o
 .debug_macro   0x00000000000200ed      0x174 Core/Src/main.o
 .debug_macro   0x0000000000020261       0x5c Core/Src/main.o
 .debug_macro   0x00000000000202bd     0x155f Core/Src/main.o
 .debug_macro   0x000000000002181c      0x59e Core/Src/main.o
 .debug_macro   0x0000000000021dba      0x13d Core/Src/main.o
 .debug_macro   0x0000000000021ef7      0x18b Core/Src/main.o
 .debug_macro   0x0000000000022082      0x26b Core/Src/main.o
 .debug_macro   0x00000000000222ed      0x23d Core/Src/main.o
 .debug_macro   0x000000000002252a      0x241 Core/Src/main.o
 .debug_macro   0x000000000002276b      0x37c Core/Src/main.o
 .debug_macro   0x0000000000022ae7       0xd6 Core/Src/main.o
 .debug_macro   0x0000000000022bbd      0x22c Core/Src/main.o
 .debug_macro   0x0000000000022de9       0x61 Core/Src/main.o
 .debug_macro   0x0000000000022e4a       0xa5 Core/Src/main.o
 .debug_macro   0x0000000000022eef      0x122 Core/Src/main.o
 .debug_macro   0x0000000000023011      0x3e9 Core/Src/main.o
 .debug_macro   0x00000000000233fa      0x5ba Core/Src/main.o
 .debug_macro   0x00000000000239b4       0x44 Core/Src/main.o
 .debug_macro   0x00000000000239f8      0x331 Core/Src/main.o
 .debug_macro   0x0000000000023d29       0x1c Core/Src/main.o
 .debug_macro   0x0000000000023d45       0x52 Core/Src/main.o
 .debug_macro   0x0000000000023d97       0x18 Core/Src/main.o
 .debug_macro   0x0000000000023daf       0x3c Core/Src/main.o
 .debug_macro   0x0000000000023deb       0x34 Core/Src/main.o
 .debug_macro   0x0000000000023e1f       0x16 Core/Src/main.o
 .debug_macro   0x0000000000023e35       0x35 Core/Src/main.o
 .debug_macro   0x0000000000023e6a      0x333 Core/Src/main.o
 .debug_macro   0x000000000002419d       0x10 Core/Src/main.o
 .debug_macro   0x00000000000241ad       0x16 Core/Src/main.o
 .debug_macro   0x00000000000241c3       0x43 Core/Src/main.o
 .debug_macro   0x0000000000024206       0x34 Core/Src/main.o
 .debug_macro   0x000000000002423a       0x10 Core/Src/main.o
 .debug_macro   0x000000000002424a       0x58 Core/Src/main.o
 .debug_macro   0x00000000000242a2       0x71 Core/Src/main.o
 .debug_macro   0x0000000000024313       0x1c Core/Src/main.o
 .debug_macro   0x000000000002432f      0x12a Core/Src/main.o
 .debug_macro   0x0000000000024459       0x10 Core/Src/main.o
 .debug_macro   0x0000000000024469       0x1c Core/Src/main.o
 .debug_macro   0x0000000000024485       0x52 Core/Src/main.o
 .debug_macro   0x00000000000244d7       0x22 Core/Src/main.o
 .debug_macro   0x00000000000244f9       0x10 Core/Src/main.o
 .debug_macro   0x0000000000024509       0x40 Core/Src/main.o
 .debug_macro   0x0000000000024549       0xd5 Core/Src/main.o
 .debug_macro   0x000000000002461e       0x1c Core/Src/main.o
 .debug_macro   0x000000000002463a       0x3d Core/Src/main.o
 .debug_macro   0x0000000000024677       0x16 Core/Src/main.o
 .debug_macro   0x000000000002468d      0x145 Core/Src/main.o
 .debug_macro   0x00000000000247d2       0x16 Core/Src/main.o
 .debug_macro   0x00000000000247e8       0x20 Core/Src/main.o
 .debug_macro   0x0000000000024808      0x35c Core/Src/receiver.o
 .debug_macro   0x0000000000024b64       0x4c Core/Src/receiver.o
 .debug_macro   0x0000000000024bb0       0x94 Core/Src/receiver.o
 .debug_macro   0x0000000000024c44       0x57 Core/Src/receiver.o
 .debug_macro   0x0000000000024c9b       0x97 Core/Src/receiver.o
 .debug_macro   0x0000000000024d32      0x339 Core/Src/receiver.o
 .debug_macro   0x000000000002506b       0xfd Core/Src/receiver.o
 .debug_macro   0x0000000000025168       0xfb Core/Src/receiver.o
 .debug_macro   0x0000000000025263       0x56 Core/Src/receiver.o
 .debug_macro   0x00000000000252b9      0x1d4 Core/Src/stm32l4xx_hal_msp.o
 .debug_macro   0x000000000002548d      0x1de Core/Src/stm32l4xx_it.o
 .debug_macro   0x000000000002566b      0x1c5 Core/Src/system_stm32l4xx.o
 .debug_macro   0x0000000000025830      0x35c Core/Src/transmitter.o
 .debug_macro   0x0000000000025b8c      0x213 Drivers/STM32L4xx_HAL_Driver/Src/stm32l4xx_hal.o
 .debug_macro   0x0000000000025d9f      0x1c5 Drivers/STM32L4xx_HAL_Driver/Src/stm32l4xx_hal_cortex.o
 .debug_macro   0x0000000000025f64      0x1c5 Drivers/STM32L4xx_HAL_Driver/Src/stm32l4xx_hal_dma.o
 .debug_macro   0x0000000000026129      0x204 Drivers/STM32L4xx_HAL_Driver/Src/stm32l4xx_hal_gpio.o
 .debug_macro   0x000000000002632d      0x1e9 Drivers/STM32L4xx_HAL_Driver/Src/stm32l4xx_hal_pwr_ex.o
 .debug_macro   0x0000000000026516      0x207 Drivers/STM32L4xx_HAL_Driver/Src/stm32l4xx_hal_rcc.o
 .debug_macro   0x000000000002671d      0x1fb Drivers/STM32L4xx_HAL_Driver/Src/stm32l4xx_hal_rcc_ex.o
 .debug_macro   0x0000000000026918      0x1f0 Drivers/STM32L4xx_HAL_Driver/Src/stm32l4xx_hal_uart.o
 .debug_macro   0x0000000000026b08      0x1c5 Drivers/STM32L4xx_HAL_Driver/Src/stm32l4xx_hal_uart_ex.o

.debug_line     0x0000000000000000     0xb99e
 .debug_line    0x0000000000000000      0xa12 Core/Src/main.o
 .debug_line    0x0000000000000a12      0x8e3 Core/Src/receiver.o
 .debug_line    0x00000000000012f5      0x74d Core/Src/stm32l4xx_hal_msp.o
 .debug_line    0x0000000000001a42      0x7ba Core/Src/stm32l4xx_it.o
 .debug_line    0x00000000000021fc      0x778 Core/Src/system_stm32l4xx.o
 .debug_line    0x0000000000002974      0x8fd Core/Src/transmitter.o
 .debug_line    0x0000000000003271       0x87 Core/Startup/startup_stm32l476rgtx.o
 .debug_line    0x00000000000032f8      0xab7 Drivers/STM32L4xx_HAL_Driver/Src/stm32l4xx_hal.o
 .debug_line    0x0000000000003daf      0xc5e Drivers/STM32L4xx_HAL_Driver/Src/stm32l4xx_hal_cortex.o
 .debug_line    0x0000000000004a0d      0xc96 Drivers/STM32L4xx_HAL_Driver/Src/stm32l4xx_hal_dma.o
 .debug_line    0x00000000000056a3      0xb31 Drivers/STM32L4xx_HAL_Driver/Src/stm32l4xx_hal_gpio.o
 .debug_line    0x00000000000061d4      0xc73 Drivers/STM32L4xx_HAL_Driver/Src/stm32l4xx_hal_pwr_ex.o
 .debug_line    0x0000000000006e47      0xefb Drivers/STM32L4xx_HAL_Driver/Src/stm32l4xx_hal_rcc.o
 .debug_line    0x0000000000007d42     0x1470 Drivers/STM32L4xx_HAL_Driver/Src/stm32l4xx_hal_rcc_ex.o
 .debug_line    0x00000000000091b2     0x1d48 Drivers/STM32L4xx_HAL_Driver/Src/stm32l4xx_hal_uart.o
 .debug_line    0x000000000000aefa      0xaa4 Drivers/STM32L4xx_HAL_Driver/Src/stm32l4xx_hal_uart_ex.o

.debug_str      0x0000000000000000    0xe95d3
 .debug_str     0x0000000000000000    0xe6a16 Core/Src/main.o
                                      0xe6ddf (size before relaxing)
 .debug_str     0x00000000000e6a16       0x48 Core/Src/receiver.o
                                      0xe67fe (size before relaxing)
 .debug_str     0x00000000000e6a5e      0x4fc Core/Src/stm32l4xx_hal_msp.o
                                      0xe2db0 (size before relaxing)
 .debug_str     0x00000000000e6f5a       0xe0 Core/Src/stm32l4xx_it.o
                                      0xe27d2 (size before relaxing)
 .debug_str     0x00000000000e703a       0xb8 Core/Src/system_stm32l4xx.o
                                      0xe2494 (size before relaxing)
 .debug_str     0x00000000000e70f2       0x3f Core/Src/transmitter.o
                                      0xe680e (size before relaxing)
 .debug_str     0x00000000000e7131       0x36 Core/Startup/startup_stm32l476rgtx.o
                                         0x85 (size before relaxing)
 .debug_str     0x00000000000e7167      0x5c0 Drivers/STM32L4xx_HAL_Driver/Src/stm32l4xx_hal.o
                                      0xe2f93 (size before relaxing)
 .debug_str     0x00000000000e7727      0x389 Drivers/STM32L4xx_HAL_Driver/Src/stm32l4xx_hal_cortex.o
                                      0xe2d03 (size before relaxing)
 .debug_str     0x00000000000e7ab0      0x258 Drivers/STM32L4xx_HAL_Driver/Src/stm32l4xx_hal_dma.o
                                      0xe2707 (size before relaxing)
 .debug_str     0x00000000000e7d08      0x252 Drivers/STM32L4xx_HAL_Driver/Src/stm32l4xx_hal_gpio.o
                                      0xe272e (size before relaxing)
 .debug_str     0x00000000000e7f5a      0x4b4 Drivers/STM32L4xx_HAL_Driver/Src/stm32l4xx_hal_pwr_ex.o
                                      0xe29ca (size before relaxing)
 .debug_str     0x00000000000e840e      0x3b5 Drivers/STM32L4xx_HAL_Driver/Src/stm32l4xx_hal_rcc.o
                                      0xe2a71 (size before relaxing)
 .debug_str     0x00000000000e87c3      0x3a6 Drivers/STM32L4xx_HAL_Driver/Src/stm32l4xx_hal_rcc_ex.o
                                      0xe2c02 (size before relaxing)
 .debug_str     0x00000000000e8b69      0x884 Drivers/STM32L4xx_HAL_Driver/Src/stm32l4xx_hal_uart.o
                                      0xe30f3 (size before relaxing)
 .debug_str     0x00000000000e93ed      0x1e6 Drivers/STM32L4xx_HAL_Driver/Src/stm32l4xx_hal_uart_ex.o
                                      0xe2903 (size before relaxing)

.comment        0x0000000000000000       0x53
 .comment       0x0000000000000000       0x53 Core/Src/main.o
                                         0x54 (size before relaxing)
 .comment       0x0000000000000053       0x54 Core/Src/receiver.o
 .comment       0x0000000000000053       0x54 Core/Src/stm32l4xx_hal_msp.o
 .comment       0x0000000000000053       0x54 Core/Src/stm32l4xx_it.o
 .comment       0x0000000000000053       0x54 Core/Src/system_stm32l4xx.o
 .comment       0x0000000000000053       0x54 Core/Src/transmitter.o
 .comment       0x0000000000000053       0x54 Drivers/STM32L4xx_HAL_Driver/Src/stm32l4xx_hal.o
 .comment       0x0000000000000053       0x54 Drivers/STM32L4xx_HAL_Driver/Src/stm32l4xx_hal_cortex.o
 .comment       0x0000000000000053       0x54 Drivers/STM32L4xx_HAL_Driver/Src/stm32l4xx_hal_dma.o
 .comment       0x0000000000000053       0x54 Drivers/STM32L4xx_HAL_Driver/Src/stm32l4xx_hal_gpio.o
 .comment       0x0000000000000053       0x54 Drivers/STM32L4xx_HAL_Driver/Src/stm32l4xx_hal_pwr_ex.o
 .comment       0x0000000000000053       0x54 Drivers/STM32L4xx_HAL_Driver/Src/stm32l4xx_hal_rcc.o
 .comment       0x0000000000000053       0x54 Drivers/STM32L4xx_HAL_Driver/Src/stm32l4xx_hal_rcc_ex.o
 .comment       0x0000000000000053       0x54 Drivers/STM32L4xx_HAL_Driver/Src/stm32l4xx_hal_uart.o
 .comment       0x0000000000000053       0x54 Drivers/STM32L4xx_HAL_Driver/Src/stm32l4xx_hal_uart_ex.o

.debug_frame    0x0000000000000000     0x2690
 .debug_frame   0x0000000000000000       0xcc Core/Src/main.o
 .debug_frame   0x00000000000000cc       0x34 Core/Src/receiver.o
 .debug_frame   0x0000000000000100       0x80 Core/Src/stm32l4xx_hal_msp.o
 .debug_frame   0x0000000000000180      0x13c Core/Src/stm32l4xx_it.o
 .debug_frame   0x00000000000002bc       0x58 Core/Src/system_stm32l4xx.o
 .debug_frame   0x0000000000000314       0x58 Core/Src/transmitter.o
 .debug_frame   0x000000000000036c      0x498 Drivers/STM32L4xx_HAL_Driver/Src/stm32l4xx_hal.o
 .debug_frame   0x0000000000000804      0x498 Drivers/STM32L4xx_HAL_Driver/Src/stm32l4xx_hal_cortex.o
 .debug_frame   0x0000000000000c9c      0x204 Drivers/STM32L4xx_HAL_Driver/Src/stm32l4xx_hal_dma.o
 .debug_frame   0x0000000000000ea0      0x14c Drivers/STM32L4xx_HAL_Driver/Src/stm32l4xx_hal_gpio.o
 .debug_frame   0x0000000000000fec      0x544 Drivers/STM32L4xx_HAL_Driver/Src/stm32l4xx_hal_pwr_ex.o
 .debug_frame   0x0000000000001530      0x1f4 Drivers/STM32L4xx_HAL_Driver/Src/stm32l4xx_hal_rcc.o
 .debug_frame   0x0000000000001724      0x2fc Drivers/STM32L4xx_HAL_Driver/Src/stm32l4xx_hal_rcc_ex.o
 .debug_frame   0x0000000000001a20      0x9e4 Drivers/STM32L4xx_HAL_Driver/Src/stm32l4xx_hal_uart.o
 .debug_frame   0x0000000000002404      0x1e0 Drivers/STM32L4xx_HAL_Driver/Src/stm32l4xx_hal_uart_ex.o
 .debug_frame   0x00000000000025e4       0x2c c:/st/stm32cubeide_1.6.0/stm32cubeide/plugins/com.st.stm32cube.ide.mcu.externaltools.gnu-tools-for-stm32.9-2020-q2-update.win32_1.5.0.202011040924/tools/bin/../lib/gcc/arm-none-eabi/9.3.1/../../../../arm-none-eabi/lib/thumb/v7e-m+fp/hard\libc_nano.a(lib_a-init.o)
 .debug_frame   0x0000000000002610       0x20 c:/st/stm32cubeide_1.6.0/stm32cubeide/plugins/com.st.stm32cube.ide.mcu.externaltools.gnu-tools-for-stm32.9-2020-q2-update.win32_1.5.0.202011040924/tools/bin/../lib/gcc/arm-none-eabi/9.3.1/../../../../arm-none-eabi/lib/thumb/v7e-m+fp/hard\libc_nano.a(lib_a-memset.o)
 .debug_frame   0x0000000000002630       0x2c c:/st/stm32cubeide_1.6.0/stm32cubeide/plugins/com.st.stm32cube.ide.mcu.externaltools.gnu-tools-for-stm32.9-2020-q2-update.win32_1.5.0.202011040924/tools/bin/../lib/gcc/arm-none-eabi/9.3.1/thumb/v7e-m+fp/hard\libgcc.a(_aeabi_uldivmod.o)
 .debug_frame   0x000000000000265c       0x34 c:/st/stm32cubeide_1.6.0/stm32cubeide/plugins/com.st.stm32cube.ide.mcu.externaltools.gnu-tools-for-stm32.9-2020-q2-update.win32_1.5.0.202011040924/tools/bin/../lib/gcc/arm-none-eabi/9.3.1/thumb/v7e-m+fp/hard\libgcc.a(_udivmoddi4.o)
